******************************************************************************
                  TI ARM Linker PC v16.12.0                    
******************************************************************************
>> Linked Sat Feb 25 02:56:17 2017

OUTPUT FILE NAME:   <convertedGraphicsTest.out>
ENTRY POINT SYMBOL: "_c_int00"  address: 00001c05


MEMORY CONFIGURATION

         name            origin    length      used     unused   attr    fill
----------------------  --------  ---------  --------  --------  ----  --------
  MAIN                  00000000   00040000  00003686  0003c97a  R  X
  INFO                  00200000   00004000  00000000  00004000  R  X
  SRAM_CODE             01000000   00010000  00000259  0000fda7  RW X
  SRAM_DATA             20000000   00010000  00000259  0000fda7  RW  


SEGMENT ALLOCATION MAP

run origin  load origin   length   init length attrs members
----------  ----------- ---------- ----------- ----- -------
00000000    00000000    00003688   00003688    r-x
  00000000    00000000    000000e4   000000e4    r-- .intvecs
  000000e4    000000e4    00001e58   00001e58    r-x .text
  00001f3c    00001f3c    000016e2   000016e2    r-- .const
  00003620    00003620    00000068   00000068    r-- .cinit
20000000    20000000    0000005c   00000000    rw-
  20000000    20000000    00000051   00000000    rw- .data
  20000054    20000054    00000008   00000000    rw- .bss
2000fe00    2000fe00    00000200   00000000    rw-
  2000fe00    2000fe00    00000200   00000000    rw- .stack


SECTION ALLOCATION MAP

 output                                  attributes/
section   page    origin      length       input sections
--------  ----  ----------  ----------   ----------------
.intvecs   0    00000000    000000e4     
                  00000000    000000e4     startup_msp432p401r_ccs.obj (.intvecs:retain)

.text      0    000000e4    00001e58     
                  000000e4    00000da8     graphics.obj (.text)
                  00000e8c    0000032c     system_msp432p401r.obj (.text)
                  000011b8    000002d8     lcd.obj (.text)
                  00001490    00000230     main.obj (.text)
                  000016c0    0000012c     HAL_MSP432_320x240_ILI9341.obj (.text)
                  000017ec    00000104     msp432p4xx_driverlib.lib : cs.o (.text:CS_getDCOFrequency)
                  000018f0    0000009c                              : cs.o (.text:_CSComputeCLKFrequency)
                  0000198c    0000009c     rtsv7M4_T_le_v4SPD16_eabi.lib : memcpy_t2.obj (.text)
                  00001a28    00000088     msp432p4xx_driverlib.lib : spi.o (.text:SPI_initMaster)
                  00001ab0    0000007a     rtsv7M4_T_le_v4SPD16_eabi.lib : memset_t2.obj (.text)
                  00001b2a    00000002                                   : mpu_init.obj (.text)
                  00001b2c    00000070                                   : autoinit.obj (.text)
                  00001b9c    00000068                                   : copy_decompress_lzss.obj (.text:decompress:lzss)
                  00001c04    00000054                                   : boot.obj (.text)
                  00001c58    00000054                                   : exit.obj (.text)
                  00001cac    00000050     msp432p4xx_driverlib.lib : sysctl.o (.text:SysCtl_getTLVInfo)
                  00001cfc    0000004c                              : cs.o (.text:_CSGetDOCFrequency)
                  00001d48    0000004c     rtsv7M4_T_le_v4SPD16_eabi.lib : cpy_tbl.obj (.text)
                  00001d94    00000048     msp432p4xx_driverlib.lib : cs.o (.text:_CSGetDividerValue)
                  00001ddc    00000030                              : spi.o (.text:is_A_Module)
                  00001e0c    00000024                              : cs.o (.text:CS_clearInterruptFlag)
                  00001e30    00000020                              : spi.o (.text:SPI_clearInterruptFlag)
                  00001e50    0000001a                              : spi.o (.text:SPI_enableModule)
                  00001e6a    00000002     rtsv7M4_T_le_v4SPD16_eabi.lib : startup.obj (.text)
                  00001e6c    00000018     msp432p4xx_driverlib.lib : cs.o (.text:CS_getSMCLK)
                  00001e84    00000018                              : gpio.o (.text:GPIO_setOutputLowOnPin)
                  00001e9c    00000018     rtsv7M4_T_le_v4SPD16_eabi.lib : args_main.obj (.text)
                  00001eb4    00000014     msp432p4xx_driverlib.lib : gpio.o (.text:GPIO_setOutputHighOnPin)
                  00001ec8    00000014     rtsv7M4_T_le_v4SPD16_eabi.lib : _lock.obj (.text)
                  00001edc    0000000e     msp432p4xx_driverlib.lib : spi.o (.text:EUSCI_A_SPI_clearInterruptFlag)
                  00001eea    0000000e                              : spi.o (.text:EUSCI_B_SPI_clearInterruptFlag)
                  00001ef8    0000000e     rtsv7M4_T_le_v4SPD16_eabi.lib : copy_decompress_none.obj (.text:decompress:none)
                  00001f06    0000000e     startup_msp432p401r_ccs.obj (.text)
                  00001f14    0000000c     msp432p4xx_driverlib.lib : spi.o (.text:EUSCI_A_SPI_enable)
                  00001f20    0000000c                              : spi.o (.text:EUSCI_B_SPI_enable)
                  00001f2c    0000000c     rtsv7M4_T_le_v4SPD16_eabi.lib : copy_zero_init.obj (.text:decompress:ZI)
                  00001f38    00000004                                   : pre_init.obj (.text)

.const     0    00001f3c    000016e2     
                  00001f3c    00001054     graphics.obj (.const:font_11x16)
                  00002f90    00000474     graphics.obj (.const:font_8x12)
                  00003404    000001e0     graphics.obj (.const:font_5x7)
                  000035e4    0000001c     HAL_MSP432_320x240_ILI9341.obj (.const:$P$T0$1)
                  00003600    0000000f     lcd.obj (.const:.string:$P$T0$1)
                  0000360f    0000000f     lcd.obj (.const:.string:$P$T1$2)

.cinit     0    00003620    00000068     
                  00003620    0000003e     (.cinit..data.load) [load image, compression = lzss]
                  0000365e    00000002     --HOLE-- [fill = 0]
                  00003660    0000000c     (__TI_handler_table)
                  0000366c    00000004     --HOLE-- [fill = 0]
                  00003670    00000008     (.cinit..bss.load) [load image, compression = zero_init]
                  00003678    00000010     (__TI_cinit_table)

.init_array 
*          0    00000000    00000000     UNINITIALIZED

.binit     0    00000000    00000000     

.data      0    20000000    00000051     UNINITIALIZED
                  20000000    00000030     msp432p4xx_driverlib.lib : gpio.o (.data:GPIO_PORT_TO_BASE)
                  20000030    0000000c     rtsv7M4_T_le_v4SPD16_eabi.lib : exit.obj (.data:$O1$$)
                  2000003c    00000008                                   : _lock.obj (.data:$O1$$)
                  20000044    00000004     graphics.obj (.data)
                  20000048    00000004     rtsv7M4_T_le_v4SPD16_eabi.lib : stkdepth_vars.obj (.data)
                  2000004c    00000004     system_msp432p401r.obj (.data)
                  20000050    00000001     lcd.obj (.data)

.bss       0    20000054    00000008     UNINITIALIZED
                  20000054    00000004     (.common:hfxtFreq)
                  20000058    00000004     (.common:lfxtFreq)

.stack     0    2000fe00    00000200     UNINITIALIZED
                  2000fe00    00000200     --HOLE--

MODULE SUMMARY

       Module                           code   ro data   rw data
       ------                           ----   -------   -------
    .\
       graphics.obj                     3496   5800      8      
       system_msp432p401r.obj           812    0         8      
       lcd.obj                          728    30        2      
       main.obj                         560    0         0      
       HAL_MSP432_320x240_ILI9341.obj   300    28        0      
       startup_msp432p401r_ccs.obj      14     228       0      
    +--+--------------------------------+------+---------+---------+
       Total:                           5910   6086      18     
                                                                
    C:/ti/tirex-content/msp/msp432ware__3.50.00.02/driverlib/driverlib/MSP432P4xx/ccs/msp432p4xx_driverlib.lib
       cs.o                             624    0         16     
       spi.o                            294    0         0      
       gpio.o                           44     0         96     
       sysctl.o                         80     0         0      
    +--+--------------------------------+------+---------+---------+
       Total:                           1042   0         112    
                                                                
    C:\ti\ccsv6\tools\compiler\ti-cgt-arm_16.12.0.STS\lib\rtsv7M4_T_le_v4SPD16_eabi.lib
       memcpy_t2.obj                    156    0         0      
       memset_t2.obj                    122    0         0      
       autoinit.obj                     112    0         0      
       exit.obj                         84     0         24     
       copy_decompress_lzss.obj         104    0         0      
       boot.obj                         84     0         0      
       cpy_tbl.obj                      76     0         0      
       _lock.obj                        20     0         16     
       args_main.obj                    24     0         0      
       copy_decompress_none.obj         14     0         0      
       copy_zero_init.obj               12     0         0      
       stkdepth_vars.obj                0      0         8      
       pre_init.obj                     4      0         0      
       mpu_init.obj                     2      0         0      
       startup.obj                      2      0         0      
    +--+--------------------------------+------+---------+---------+
       Total:                           816    0         48     
                                                                
       Stack:                           0      0         1024   
       Linker Generated:                0      98        0      
    +--+--------------------------------+------+---------+---------+
       Grand Total:                     7768   6184      1202   


LINKER GENERATED COPY TABLES

__TI_cinit_table @ 00003678 records: 2, size/record: 8, table size: 16
	.data: load addr=00003620, load size=0000003e bytes, run addr=20000000, run size=00000051 bytes, compression=lzss
	.bss: load addr=00003670, load size=00000008 bytes, run addr=20000054, run size=00000008 bytes, compression=zero_init


LINKER GENERATED HANDLER TABLE

__TI_handler_table @ 00003660 records: 3, size/record: 4, table size: 12
	index: 0, handler: __TI_decompress_lzss
	index: 1, handler: __TI_decompress_none
	index: 2, handler: __TI_zero_init


GLOBAL SYMBOLS: SORTED ALPHABETICALLY BY Name 

address   name                           
-------   ----                           
00001f13  ADC14_IRQHandler               
00001f13  AES256_IRQHandler              
00001f13  BusFault_Handler               
00001c59  C$$EXIT                        
00001f13  COMP_E0_IRQHandler             
00001f13  COMP_E1_IRQHandler             
00001f13  CS_IRQHandler                  
00001e0d  CS_clearInterruptFlag          
000017ed  CS_getDCOFrequency             
00001e6d  CS_getSMCLK                    
00001f13  DMA_ERR_IRQHandler             
00001f13  DMA_INT0_IRQHandler            
00001f13  DMA_INT1_IRQHandler            
00001f13  DMA_INT2_IRQHandler            
00001f13  DMA_INT3_IRQHandler            
00001f13  DebugMon_Handler               
00001f13  Default_Handler                
00001f13  EUSCIA0_IRQHandler             
00001f13  EUSCIA1_IRQHandler             
00001f13  EUSCIA2_IRQHandler             
00001f13  EUSCIA3_IRQHandler             
00001f13  EUSCIB0_IRQHandler             
00001f13  EUSCIB1_IRQHandler             
00001f13  EUSCIB2_IRQHandler             
00001f13  EUSCIB3_IRQHandler             
00001edd  EUSCI_A_SPI_clearInterruptFlag 
00001f15  EUSCI_A_SPI_enable             
00001eeb  EUSCI_B_SPI_clearInterruptFlag 
00001f21  EUSCI_B_SPI_enable             
00001f13  FLCTL_IRQHandler               
00001f13  FPU_IRQHandler                 
00001eb5  GPIO_setOutputHighOnPin        
00001e85  GPIO_setOutputLowOnPin         
000016c1  HAL_LCD_SpiInit                
00001f13  HardFault_Handler              
00001f13  MemManage_Handler              
00001f13  NMI_Handler                    
00001f13  PCM_IRQHandler                 
00001f13  PORT1_IRQHandler               
00001f13  PORT2_IRQHandler               
00001f13  PORT3_IRQHandler               
00001f13  PORT4_IRQHandler               
00001f13  PORT5_IRQHandler               
00001f13  PORT6_IRQHandler               
00001f13  PSS_IRQHandler                 
00001f13  PendSV_Handler                 
00001f13  RTC_C_IRQHandler               
00001f07  Reset_Handler                  
UNDEFED   SHT$$INIT_ARRAY$$Base          
UNDEFED   SHT$$INIT_ARRAY$$Limit         
00001e31  SPI_clearInterruptFlag         
00001e51  SPI_enableModule               
00001a29  SPI_initMaster                 
00001f13  SVC_Handler                    
00001cad  SysCtl_getTLVInfo              
00001f13  SysTick_Handler                
2000004c  SystemCoreClock                
00000e8d  SystemCoreClockUpdate          
00001101  SystemInit                     
00001f13  T32_INT1_IRQHandler            
00001f13  T32_INT2_IRQHandler            
00001f13  T32_INTC_IRQHandler            
00001f13  TA0_0_IRQHandler               
00001f13  TA0_N_IRQHandler               
00001f13  TA1_0_IRQHandler               
00001f13  TA1_N_IRQHandler               
00001f13  TA2_0_IRQHandler               
00001f13  TA2_N_IRQHandler               
00001f13  TA3_0_IRQHandler               
00001f13  TA3_N_IRQHandler               
00001f13  UsageFault_Handler             
4000480c  WDTCTL_SYM                     
00001f13  WDT_A_IRQHandler               
20010000  __STACK_END                    
00000200  __STACK_SIZE                   
00003678  __TI_CINIT_Base                
00003688  __TI_CINIT_Limit               
00003660  __TI_Handler_Table_Base        
0000366c  __TI_Handler_Table_Limit       
00001b2d  __TI_auto_init                 
20000030  __TI_cleanup_ptr               
00001b9d  __TI_decompress_lzss           
00001ef9  __TI_decompress_none           
20000034  __TI_dtors_ptr                 
20000038  __TI_enable_exit_profile_output
ffffffff  __TI_pprof_out_hndl            
ffffffff  __TI_prof_data_size            
ffffffff  __TI_prof_data_start           
00000000  __TI_static_base__             
00001f2d  __TI_zero_init                 
00001ab1  __aeabi_memclr                 
00001ab1  __aeabi_memclr4                
00001ab1  __aeabi_memclr8                
0000198d  __aeabi_memcpy                 
0000198d  __aeabi_memcpy4                
0000198d  __aeabi_memcpy8                
00001ab3  __aeabi_memset                 
00001ab3  __aeabi_memset4                
00001ab3  __aeabi_memset8                
ffffffff  __binit__                      
ffffffff  __c_args__                     
00001b2b  __mpu_init                     
2000fe00  __stack                        
00001e9d  _args_main                     
00001c05  _c_int00                       
2000003c  _lock                          
00001ed7  _nop                           
20000050  _orientation                   
00001ecf  _register_lock                 
00001ec9  _register_unlock               
00001e6b  _system_post_cinit             
00001f39  _system_pre_init               
20000040  _unlock                        
00001c5d  abort                          
20000047  bgColorHighByte                
20000046  bgColorLowByte                 
ffffffff  binit                          
00000121  clearScreen                    
20000045  colorHighByte                  
20000044  colorLowByte                   
00001d49  copy_in                        
000017a1  delay                          
00000497  drawCharLg                     
0000053f  drawCharLgBkg                  
00000611  drawCharMd                     
000006bf  drawCharMdBkg                  
00000315  drawCharSm                     
000003cd  drawCharSmBkg                  
00000b7d  drawCircle                     
0000079d  drawImage                      
000007b9  drawImageLut                   
000007d1  drawImageMono                  
0000092d  drawLine                       
000007ed  drawLogicLine                  
000001af  drawPixel                      
00000b19  drawRect                       
000001df  drawString                     
00001c65  exit                           
00000d5b  fillCircle                     
00000cbd  fillRect                       
00001f3c  font_11x16                     
00003404  font_5x7                       
00002f90  font_8x12                      
000011d1  getScreenHeight                
000011b9  getScreenWidth                 
00001277  initLCD                        
00000000  interruptVectors               
00001491  main                           
20000048  main_func_sp                   
0000198d  memcpy                         
00001ab9  memset                         
000011e9  setArea                        
00000103  setBackgroundColor             
000000e5  setColor                       
0000142b  setOrientation                 
00001779  writeCommand                   
0000175d  writeData                      


GLOBAL SYMBOLS: SORTED BY Symbol Address 

address   name                           
-------   ----                           
00000000  __TI_static_base__             
00000000  interruptVectors               
000000e5  setColor                       
00000103  setBackgroundColor             
00000121  clearScreen                    
000001af  drawPixel                      
000001df  drawString                     
00000200  __STACK_SIZE                   
00000315  drawCharSm                     
000003cd  drawCharSmBkg                  
00000497  drawCharLg                     
0000053f  drawCharLgBkg                  
00000611  drawCharMd                     
000006bf  drawCharMdBkg                  
0000079d  drawImage                      
000007b9  drawImageLut                   
000007d1  drawImageMono                  
000007ed  drawLogicLine                  
0000092d  drawLine                       
00000b19  drawRect                       
00000b7d  drawCircle                     
00000cbd  fillRect                       
00000d5b  fillCircle                     
00000e8d  SystemCoreClockUpdate          
00001101  SystemInit                     
000011b9  getScreenWidth                 
000011d1  getScreenHeight                
000011e9  setArea                        
00001277  initLCD                        
0000142b  setOrientation                 
00001491  main                           
000016c1  HAL_LCD_SpiInit                
0000175d  writeData                      
00001779  writeCommand                   
000017a1  delay                          
000017ed  CS_getDCOFrequency             
0000198d  __aeabi_memcpy                 
0000198d  __aeabi_memcpy4                
0000198d  __aeabi_memcpy8                
0000198d  memcpy                         
00001a29  SPI_initMaster                 
00001ab1  __aeabi_memclr                 
00001ab1  __aeabi_memclr4                
00001ab1  __aeabi_memclr8                
00001ab3  __aeabi_memset                 
00001ab3  __aeabi_memset4                
00001ab3  __aeabi_memset8                
00001ab9  memset                         
00001b2b  __mpu_init                     
00001b2d  __TI_auto_init                 
00001b9d  __TI_decompress_lzss           
00001c05  _c_int00                       
00001c59  C$$EXIT                        
00001c5d  abort                          
00001c65  exit                           
00001cad  SysCtl_getTLVInfo              
00001d49  copy_in                        
00001e0d  CS_clearInterruptFlag          
00001e31  SPI_clearInterruptFlag         
00001e51  SPI_enableModule               
00001e6b  _system_post_cinit             
00001e6d  CS_getSMCLK                    
00001e85  GPIO_setOutputLowOnPin         
00001e9d  _args_main                     
00001eb5  GPIO_setOutputHighOnPin        
00001ec9  _register_unlock               
00001ecf  _register_lock                 
00001ed7  _nop                           
00001edd  EUSCI_A_SPI_clearInterruptFlag 
00001eeb  EUSCI_B_SPI_clearInterruptFlag 
00001ef9  __TI_decompress_none           
00001f07  Reset_Handler                  
00001f13  ADC14_IRQHandler               
00001f13  AES256_IRQHandler              
00001f13  BusFault_Handler               
00001f13  COMP_E0_IRQHandler             
00001f13  COMP_E1_IRQHandler             
00001f13  CS_IRQHandler                  
00001f13  DMA_ERR_IRQHandler             
00001f13  DMA_INT0_IRQHandler            
00001f13  DMA_INT1_IRQHandler            
00001f13  DMA_INT2_IRQHandler            
00001f13  DMA_INT3_IRQHandler            
00001f13  DebugMon_Handler               
00001f13  Default_Handler                
00001f13  EUSCIA0_IRQHandler             
00001f13  EUSCIA1_IRQHandler             
00001f13  EUSCIA2_IRQHandler             
00001f13  EUSCIA3_IRQHandler             
00001f13  EUSCIB0_IRQHandler             
00001f13  EUSCIB1_IRQHandler             
00001f13  EUSCIB2_IRQHandler             
00001f13  EUSCIB3_IRQHandler             
00001f13  FLCTL_IRQHandler               
00001f13  FPU_IRQHandler                 
00001f13  HardFault_Handler              
00001f13  MemManage_Handler              
00001f13  NMI_Handler                    
00001f13  PCM_IRQHandler                 
00001f13  PORT1_IRQHandler               
00001f13  PORT2_IRQHandler               
00001f13  PORT3_IRQHandler               
00001f13  PORT4_IRQHandler               
00001f13  PORT5_IRQHandler               
00001f13  PORT6_IRQHandler               
00001f13  PSS_IRQHandler                 
00001f13  PendSV_Handler                 
00001f13  RTC_C_IRQHandler               
00001f13  SVC_Handler                    
00001f13  SysTick_Handler                
00001f13  T32_INT1_IRQHandler            
00001f13  T32_INT2_IRQHandler            
00001f13  T32_INTC_IRQHandler            
00001f13  TA0_0_IRQHandler               
00001f13  TA0_N_IRQHandler               
00001f13  TA1_0_IRQHandler               
00001f13  TA1_N_IRQHandler               
00001f13  TA2_0_IRQHandler               
00001f13  TA2_N_IRQHandler               
00001f13  TA3_0_IRQHandler               
00001f13  TA3_N_IRQHandler               
00001f13  UsageFault_Handler             
00001f13  WDT_A_IRQHandler               
00001f15  EUSCI_A_SPI_enable             
00001f21  EUSCI_B_SPI_enable             
00001f2d  __TI_zero_init                 
00001f39  _system_pre_init               
00001f3c  font_11x16                     
00002f90  font_8x12                      
00003404  font_5x7                       
00003660  __TI_Handler_Table_Base        
0000366c  __TI_Handler_Table_Limit       
00003678  __TI_CINIT_Base                
00003688  __TI_CINIT_Limit               
20000030  __TI_cleanup_ptr               
20000034  __TI_dtors_ptr                 
20000038  __TI_enable_exit_profile_output
2000003c  _lock                          
20000040  _unlock                        
20000044  colorLowByte                   
20000045  colorHighByte                  
20000046  bgColorLowByte                 
20000047  bgColorHighByte                
20000048  main_func_sp                   
2000004c  SystemCoreClock                
20000050  _orientation                   
2000fe00  __stack                        
20010000  __STACK_END                    
4000480c  WDTCTL_SYM                     
ffffffff  __TI_pprof_out_hndl            
ffffffff  __TI_prof_data_size            
ffffffff  __TI_prof_data_start           
ffffffff  __binit__                      
ffffffff  __c_args__                     
ffffffff  binit                          
UNDEFED   SHT$$INIT_ARRAY$$Base          
UNDEFED   SHT$$INIT_ARRAY$$Limit         

[157 symbols]
