******************************************************************************
                  TI ARM Linker PC v16.12.0                    
******************************************************************************
>> Linked Sat Feb 25 13:09:07 2017

OUTPUT FILE NAME:   <convertedGraphicsTest.out>
ENTRY POINT SYMBOL: "_c_int00"  address: 00001da1


MEMORY CONFIGURATION

         name            origin    length      used     unused   attr    fill
----------------------  --------  ---------  --------  --------  ----  --------
  MAIN                  00000000   00040000  00003822  0003c7de  R  X
  INFO                  00200000   00004000  00000000  00004000  R  X
  SRAM_CODE             01000000   00010000  00000259  0000fda7  RW X
  SRAM_DATA             20000000   00010000  00000259  0000fda7  RW  


SEGMENT ALLOCATION MAP

run origin  load origin   length   init length attrs members
----------  ----------- ---------- ----------- ----- -------
00000000    00000000    00003828   00003828    r-x
  00000000    00000000    000000e4   000000e4    r-- .intvecs
  000000e4    000000e4    00001ff4   00001ff4    r-x .text
  000020d8    000020d8    000016e2   000016e2    r-- .const
  000037c0    000037c0    00000068   00000068    r-- .cinit
20000000    20000000    0000005c   00000000    rw-
  20000000    20000000    00000051   00000000    rw- .data
  20000054    20000054    00000008   00000000    rw- .bss
2000fe00    2000fe00    00000200   00000000    rw-
  2000fe00    2000fe00    00000200   00000000    rw- .stack


SECTION ALLOCATION MAP

 output                                  attributes/
section   page    origin      length       input sections
--------  ----  ----------  ----------   ----------------
.intvecs   0    00000000    000000e4     
                  00000000    000000e4     startup_msp432p401r_ccs.obj (.intvecs:retain)

.text      0    000000e4    00001ff4     
                  000000e4    00000da8     graphics.obj (.text)
                  00000e8c    000003cc     main.obj (.text)
                  00001258    0000032c     system_msp432p401r.obj (.text)
                  00001584    000002d8     lcd.obj (.text)
                  0000185c    0000012c     HAL_MSP432_320x240_ILI9341.obj (.text)
                  00001988    00000104     msp432p4xx_driverlib.lib : cs.o (.text:CS_getDCOFrequency)
                  00001a8c    0000009c                              : cs.o (.text:_CSComputeCLKFrequency)
                  00001b28    0000009c     rtsv7M4_T_le_v4SPD16_eabi.lib : memcpy_t2.obj (.text)
                  00001bc4    00000088     msp432p4xx_driverlib.lib : spi.o (.text:SPI_initMaster)
                  00001c4c    0000007a     rtsv7M4_T_le_v4SPD16_eabi.lib : memset_t2.obj (.text)
                  00001cc6    00000002                                   : mpu_init.obj (.text)
                  00001cc8    00000070                                   : autoinit.obj (.text)
                  00001d38    00000068                                   : copy_decompress_lzss.obj (.text:decompress:lzss)
                  00001da0    00000054                                   : boot.obj (.text)
                  00001df4    00000054                                   : exit.obj (.text)
                  00001e48    00000050     msp432p4xx_driverlib.lib : sysctl.o (.text:SysCtl_getTLVInfo)
                  00001e98    0000004c                              : cs.o (.text:_CSGetDOCFrequency)
                  00001ee4    0000004c     rtsv7M4_T_le_v4SPD16_eabi.lib : cpy_tbl.obj (.text)
                  00001f30    00000048     msp432p4xx_driverlib.lib : cs.o (.text:_CSGetDividerValue)
                  00001f78    00000030                              : spi.o (.text:is_A_Module)
                  00001fa8    00000024                              : cs.o (.text:CS_clearInterruptFlag)
                  00001fcc    00000020                              : spi.o (.text:SPI_clearInterruptFlag)
                  00001fec    0000001a                              : spi.o (.text:SPI_enableModule)
                  00002006    00000002     rtsv7M4_T_le_v4SPD16_eabi.lib : startup.obj (.text)
                  00002008    00000018     msp432p4xx_driverlib.lib : cs.o (.text:CS_getSMCLK)
                  00002020    00000018                              : gpio.o (.text:GPIO_setOutputLowOnPin)
                  00002038    00000018     rtsv7M4_T_le_v4SPD16_eabi.lib : args_main.obj (.text)
                  00002050    00000014     msp432p4xx_driverlib.lib : gpio.o (.text:GPIO_setOutputHighOnPin)
                  00002064    00000014     rtsv7M4_T_le_v4SPD16_eabi.lib : _lock.obj (.text)
                  00002078    0000000e     msp432p4xx_driverlib.lib : spi.o (.text:EUSCI_A_SPI_clearInterruptFlag)
                  00002086    0000000e                              : spi.o (.text:EUSCI_B_SPI_clearInterruptFlag)
                  00002094    0000000e     rtsv7M4_T_le_v4SPD16_eabi.lib : copy_decompress_none.obj (.text:decompress:none)
                  000020a2    0000000e     startup_msp432p401r_ccs.obj (.text)
                  000020b0    0000000c     msp432p4xx_driverlib.lib : spi.o (.text:EUSCI_A_SPI_enable)
                  000020bc    0000000c                              : spi.o (.text:EUSCI_B_SPI_enable)
                  000020c8    0000000c     rtsv7M4_T_le_v4SPD16_eabi.lib : copy_zero_init.obj (.text:decompress:ZI)
                  000020d4    00000004                                   : pre_init.obj (.text)

.const     0    000020d8    000016e2     
                  000020d8    00001054     graphics.obj (.const:font_11x16)
                  0000312c    00000474     graphics.obj (.const:font_8x12)
                  000035a0    000001e0     graphics.obj (.const:font_5x7)
                  00003780    0000001c     HAL_MSP432_320x240_ILI9341.obj (.const:$P$T0$1)
                  0000379c    0000000f     lcd.obj (.const:.string:$P$T0$1)
                  000037ab    0000000f     lcd.obj (.const:.string:$P$T1$2)

.cinit     0    000037c0    00000068     
                  000037c0    0000003e     (.cinit..data.load) [load image, compression = lzss]
                  000037fe    00000002     --HOLE-- [fill = 0]
                  00003800    0000000c     (__TI_handler_table)
                  0000380c    00000004     --HOLE-- [fill = 0]
                  00003810    00000008     (.cinit..bss.load) [load image, compression = zero_init]
                  00003818    00000010     (__TI_cinit_table)

.init_array 
*          0    00000000    00000000     UNINITIALIZED

.binit     0    00000000    00000000     

.data      0    20000000    00000051     UNINITIALIZED
                  20000000    00000030     msp432p4xx_driverlib.lib : gpio.o (.data:GPIO_PORT_TO_BASE)
                  20000030    0000000c     rtsv7M4_T_le_v4SPD16_eabi.lib : exit.obj (.data:$O1$$)
                  2000003c    00000008                                   : _lock.obj (.data:$O1$$)
                  20000044    00000004     graphics.obj (.data)
                  20000048    00000004     rtsv7M4_T_le_v4SPD16_eabi.lib : stkdepth_vars.obj (.data)
                  2000004c    00000004     system_msp432p401r.obj (.data)
                  20000050    00000001     lcd.obj (.data)

.bss       0    20000054    00000008     UNINITIALIZED
                  20000054    00000004     (.common:hfxtFreq)
                  20000058    00000004     (.common:lfxtFreq)

.stack     0    2000fe00    00000200     UNINITIALIZED
                  2000fe00    00000200     --HOLE--

MODULE SUMMARY

       Module                           code   ro data   rw data
       ------                           ----   -------   -------
    .\
       graphics.obj                     3496   5800      8      
       main.obj                         972    0         0      
       system_msp432p401r.obj           812    0         8      
       lcd.obj                          728    30        2      
       HAL_MSP432_320x240_ILI9341.obj   300    28        0      
       startup_msp432p401r_ccs.obj      14     228       0      
    +--+--------------------------------+------+---------+---------+
       Total:                           6322   6086      18     
                                                                
    C:/ti/tirex-content/msp/msp432ware__3.50.00.02/driverlib/driverlib/MSP432P4xx/ccs/msp432p4xx_driverlib.lib
       cs.o                             624    0         16     
       spi.o                            294    0         0      
       gpio.o                           44     0         96     
       sysctl.o                         80     0         0      
    +--+--------------------------------+------+---------+---------+
       Total:                           1042   0         112    
                                                                
    C:\ti\ccsv6\tools\compiler\ti-cgt-arm_16.12.0.STS\lib\rtsv7M4_T_le_v4SPD16_eabi.lib
       memcpy_t2.obj                    156    0         0      
       memset_t2.obj                    122    0         0      
       autoinit.obj                     112    0         0      
       exit.obj                         84     0         24     
       copy_decompress_lzss.obj         104    0         0      
       boot.obj                         84     0         0      
       cpy_tbl.obj                      76     0         0      
       _lock.obj                        20     0         16     
       args_main.obj                    24     0         0      
       copy_decompress_none.obj         14     0         0      
       copy_zero_init.obj               12     0         0      
       stkdepth_vars.obj                0      0         8      
       pre_init.obj                     4      0         0      
       mpu_init.obj                     2      0         0      
       startup.obj                      2      0         0      
    +--+--------------------------------+------+---------+---------+
       Total:                           816    0         48     
                                                                
       Stack:                           0      0         1024   
       Linker Generated:                0      98        0      
    +--+--------------------------------+------+---------+---------+
       Grand Total:                     8180   6184      1202   


LINKER GENERATED COPY TABLES

__TI_cinit_table @ 00003818 records: 2, size/record: 8, table size: 16
	.data: load addr=000037c0, load size=0000003e bytes, run addr=20000000, run size=00000051 bytes, compression=lzss
	.bss: load addr=00003810, load size=00000008 bytes, run addr=20000054, run size=00000008 bytes, compression=zero_init


LINKER GENERATED HANDLER TABLE

__TI_handler_table @ 00003800 records: 3, size/record: 4, table size: 12
	index: 0, handler: __TI_decompress_lzss
	index: 1, handler: __TI_decompress_none
	index: 2, handler: __TI_zero_init


GLOBAL SYMBOLS: SORTED ALPHABETICALLY BY Name 

address   name                           
-------   ----                           
000020af  ADC14_IRQHandler               
000020af  AES256_IRQHandler              
000020af  BusFault_Handler               
00001df5  C$$EXIT                        
000020af  COMP_E0_IRQHandler             
000020af  COMP_E1_IRQHandler             
000020af  CS_IRQHandler                  
00001fa9  CS_clearInterruptFlag          
00001989  CS_getDCOFrequency             
00002009  CS_getSMCLK                    
000020af  DMA_ERR_IRQHandler             
000020af  DMA_INT0_IRQHandler            
000020af  DMA_INT1_IRQHandler            
000020af  DMA_INT2_IRQHandler            
000020af  DMA_INT3_IRQHandler            
000020af  DebugMon_Handler               
000020af  Default_Handler                
000020af  EUSCIA0_IRQHandler             
000020af  EUSCIA1_IRQHandler             
000020af  EUSCIA2_IRQHandler             
000020af  EUSCIA3_IRQHandler             
000020af  EUSCIB0_IRQHandler             
000020af  EUSCIB1_IRQHandler             
000020af  EUSCIB2_IRQHandler             
000020af  EUSCIB3_IRQHandler             
00002079  EUSCI_A_SPI_clearInterruptFlag 
000020b1  EUSCI_A_SPI_enable             
00002087  EUSCI_B_SPI_clearInterruptFlag 
000020bd  EUSCI_B_SPI_enable             
000020af  FLCTL_IRQHandler               
000020af  FPU_IRQHandler                 
00002051  GPIO_setOutputHighOnPin        
00002021  GPIO_setOutputLowOnPin         
0000185d  HAL_LCD_SpiInit                
000020af  HardFault_Handler              
000020af  MemManage_Handler              
000020af  NMI_Handler                    
000020af  PCM_IRQHandler                 
000020af  PORT1_IRQHandler               
000020af  PORT2_IRQHandler               
000020af  PORT3_IRQHandler               
000020af  PORT4_IRQHandler               
000020af  PORT5_IRQHandler               
000020af  PORT6_IRQHandler               
000020af  PSS_IRQHandler                 
000020af  PendSV_Handler                 
000020af  RTC_C_IRQHandler               
000020a3  Reset_Handler                  
UNDEFED   SHT$$INIT_ARRAY$$Base          
UNDEFED   SHT$$INIT_ARRAY$$Limit         
00001fcd  SPI_clearInterruptFlag         
00001fed  SPI_enableModule               
00001bc5  SPI_initMaster                 
000020af  SVC_Handler                    
00001e49  SysCtl_getTLVInfo              
000020af  SysTick_Handler                
2000004c  SystemCoreClock                
00001259  SystemCoreClockUpdate          
000014cd  SystemInit                     
000020af  T32_INT1_IRQHandler            
000020af  T32_INT2_IRQHandler            
000020af  T32_INTC_IRQHandler            
000020af  TA0_0_IRQHandler               
000020af  TA0_N_IRQHandler               
000020af  TA1_0_IRQHandler               
000020af  TA1_N_IRQHandler               
000020af  TA2_0_IRQHandler               
000020af  TA2_N_IRQHandler               
000020af  TA3_0_IRQHandler               
000020af  TA3_N_IRQHandler               
000020af  UsageFault_Handler             
4000480c  WDTCTL_SYM                     
000020af  WDT_A_IRQHandler               
20010000  __STACK_END                    
00000200  __STACK_SIZE                   
00003818  __TI_CINIT_Base                
00003828  __TI_CINIT_Limit               
00003800  __TI_Handler_Table_Base        
0000380c  __TI_Handler_Table_Limit       
00001cc9  __TI_auto_init                 
20000030  __TI_cleanup_ptr               
00001d39  __TI_decompress_lzss           
00002095  __TI_decompress_none           
20000034  __TI_dtors_ptr                 
20000038  __TI_enable_exit_profile_output
ffffffff  __TI_pprof_out_hndl            
ffffffff  __TI_prof_data_size            
ffffffff  __TI_prof_data_start           
00000000  __TI_static_base__             
000020c9  __TI_zero_init                 
00001c4d  __aeabi_memclr                 
00001c4d  __aeabi_memclr4                
00001c4d  __aeabi_memclr8                
00001b29  __aeabi_memcpy                 
00001b29  __aeabi_memcpy4                
00001b29  __aeabi_memcpy8                
00001c4f  __aeabi_memset                 
00001c4f  __aeabi_memset4                
00001c4f  __aeabi_memset8                
ffffffff  __binit__                      
ffffffff  __c_args__                     
00001cc7  __mpu_init                     
2000fe00  __stack                        
00002039  _args_main                     
00001da1  _c_int00                       
2000003c  _lock                          
00002073  _nop                           
20000050  _orientation                   
0000206b  _register_lock                 
00002065  _register_unlock               
00002007  _system_post_cinit             
000020d5  _system_pre_init               
20000040  _unlock                        
00001df9  abort                          
20000047  bgColorHighByte                
20000046  bgColorLowByte                 
ffffffff  binit                          
00000121  clearScreen                    
20000045  colorHighByte                  
20000044  colorLowByte                   
00001ee5  copy_in                        
0000193d  delay                          
00000497  drawCharLg                     
0000053f  drawCharLgBkg                  
00000611  drawCharMd                     
000006bf  drawCharMdBkg                  
00000315  drawCharSm                     
000003cd  drawCharSmBkg                  
00000b7d  drawCircle                     
0000079d  drawImage                      
000007b9  drawImageLut                   
000007d1  drawImageMono                  
0000092d  drawLine                       
000007ed  drawLogicLine                  
000001af  drawPixel                      
00000b19  drawRect                       
000001df  drawString                     
00001e01  exit                           
00000d5b  fillCircle                     
00000cbd  fillRect                       
000020d8  font_11x16                     
000035a0  font_5x7                       
0000312c  font_8x12                      
0000159d  getScreenHeight                
00001585  getScreenWidth                 
00001643  initLCD                        
00000000  interruptVectors               
00000e8d  main                           
20000048  main_func_sp                   
00001b29  memcpy                         
00001c55  memset                         
000015b5  setArea                        
00000103  setBackgroundColor             
000000e5  setColor                       
000017f7  setOrientation                 
00001915  writeCommand                   
000018f9  writeData                      


GLOBAL SYMBOLS: SORTED BY Symbol Address 

address   name                           
-------   ----                           
00000000  __TI_static_base__             
00000000  interruptVectors               
000000e5  setColor                       
00000103  setBackgroundColor             
00000121  clearScreen                    
000001af  drawPixel                      
000001df  drawString                     
00000200  __STACK_SIZE                   
00000315  drawCharSm                     
000003cd  drawCharSmBkg                  
00000497  drawCharLg                     
0000053f  drawCharLgBkg                  
00000611  drawCharMd                     
000006bf  drawCharMdBkg                  
0000079d  drawImage                      
000007b9  drawImageLut                   
000007d1  drawImageMono                  
000007ed  drawLogicLine                  
0000092d  drawLine                       
00000b19  drawRect                       
00000b7d  drawCircle                     
00000cbd  fillRect                       
00000d5b  fillCircle                     
00000e8d  main                           
00001259  SystemCoreClockUpdate          
000014cd  SystemInit                     
00001585  getScreenWidth                 
0000159d  getScreenHeight                
000015b5  setArea                        
00001643  initLCD                        
000017f7  setOrientation                 
0000185d  HAL_LCD_SpiInit                
000018f9  writeData                      
00001915  writeCommand                   
0000193d  delay                          
00001989  CS_getDCOFrequency             
00001b29  __aeabi_memcpy                 
00001b29  __aeabi_memcpy4                
00001b29  __aeabi_memcpy8                
00001b29  memcpy                         
00001bc5  SPI_initMaster                 
00001c4d  __aeabi_memclr                 
00001c4d  __aeabi_memclr4                
00001c4d  __aeabi_memclr8                
00001c4f  __aeabi_memset                 
00001c4f  __aeabi_memset4                
00001c4f  __aeabi_memset8                
00001c55  memset                         
00001cc7  __mpu_init                     
00001cc9  __TI_auto_init                 
00001d39  __TI_decompress_lzss           
00001da1  _c_int00                       
00001df5  C$$EXIT                        
00001df9  abort                          
00001e01  exit                           
00001e49  SysCtl_getTLVInfo              
00001ee5  copy_in                        
00001fa9  CS_clearInterruptFlag          
00001fcd  SPI_clearInterruptFlag         
00001fed  SPI_enableModule               
00002007  _system_post_cinit             
00002009  CS_getSMCLK                    
00002021  GPIO_setOutputLowOnPin         
00002039  _args_main                     
00002051  GPIO_setOutputHighOnPin        
00002065  _register_unlock               
0000206b  _register_lock                 
00002073  _nop                           
00002079  EUSCI_A_SPI_clearInterruptFlag 
00002087  EUSCI_B_SPI_clearInterruptFlag 
00002095  __TI_decompress_none           
000020a3  Reset_Handler                  
000020af  ADC14_IRQHandler               
000020af  AES256_IRQHandler              
000020af  BusFault_Handler               
000020af  COMP_E0_IRQHandler             
000020af  COMP_E1_IRQHandler             
000020af  CS_IRQHandler                  
000020af  DMA_ERR_IRQHandler             
000020af  DMA_INT0_IRQHandler            
000020af  DMA_INT1_IRQHandler            
000020af  DMA_INT2_IRQHandler            
000020af  DMA_INT3_IRQHandler            
000020af  DebugMon_Handler               
000020af  Default_Handler                
000020af  EUSCIA0_IRQHandler             
000020af  EUSCIA1_IRQHandler             
000020af  EUSCIA2_IRQHandler             
000020af  EUSCIA3_IRQHandler             
000020af  EUSCIB0_IRQHandler             
000020af  EUSCIB1_IRQHandler             
000020af  EUSCIB2_IRQHandler             
000020af  EUSCIB3_IRQHandler             
000020af  FLCTL_IRQHandler               
000020af  FPU_IRQHandler                 
000020af  HardFault_Handler              
000020af  MemManage_Handler              
000020af  NMI_Handler                    
000020af  PCM_IRQHandler                 
000020af  PORT1_IRQHandler               
000020af  PORT2_IRQHandler               
000020af  PORT3_IRQHandler               
000020af  PORT4_IRQHandler               
000020af  PORT5_IRQHandler               
000020af  PORT6_IRQHandler               
000020af  PSS_IRQHandler                 
000020af  PendSV_Handler                 
000020af  RTC_C_IRQHandler               
000020af  SVC_Handler                    
000020af  SysTick_Handler                
000020af  T32_INT1_IRQHandler            
000020af  T32_INT2_IRQHandler            
000020af  T32_INTC_IRQHandler            
000020af  TA0_0_IRQHandler               
000020af  TA0_N_IRQHandler               
000020af  TA1_0_IRQHandler               
000020af  TA1_N_IRQHandler               
000020af  TA2_0_IRQHandler               
000020af  TA2_N_IRQHandler               
000020af  TA3_0_IRQHandler               
000020af  TA3_N_IRQHandler               
000020af  UsageFault_Handler             
000020af  WDT_A_IRQHandler               
000020b1  EUSCI_A_SPI_enable             
000020bd  EUSCI_B_SPI_enable             
000020c9  __TI_zero_init                 
000020d5  _system_pre_init               
000020d8  font_11x16                     
0000312c  font_8x12                      
000035a0  font_5x7                       
00003800  __TI_Handler_Table_Base        
0000380c  __TI_Handler_Table_Limit       
00003818  __TI_CINIT_Base                
00003828  __TI_CINIT_Limit               
20000030  __TI_cleanup_ptr               
20000034  __TI_dtors_ptr                 
20000038  __TI_enable_exit_profile_output
2000003c  _lock                          
20000040  _unlock                        
20000044  colorLowByte                   
20000045  colorHighByte                  
20000046  bgColorLowByte                 
20000047  bgColorHighByte                
20000048  main_func_sp                   
2000004c  SystemCoreClock                
20000050  _orientation                   
2000fe00  __stack                        
20010000  __STACK_END                    
4000480c  WDTCTL_SYM                     
ffffffff  __TI_pprof_out_hndl            
ffffffff  __TI_prof_data_size            
ffffffff  __TI_prof_data_start           
ffffffff  __binit__                      
ffffffff  __c_args__                     
ffffffff  binit                          
UNDEFED   SHT$$INIT_ARRAY$$Base          
UNDEFED   SHT$$INIT_ARRAY$$Limit         

[157 symbols]
